// Jest Snapshot v1, https://goo.gl/fbAQLP

exports[`ThemeSwitch snapshot 1`] = `
<span
  className="MuiSwitch-root"
>
  <span
    aria-disabled={false}
    className="MuiButtonBase-root MuiIconButton-root PrivateSwitchBase-root-1 MuiSwitch-switchBase MuiSwitch-colorSecondary"
    onBlur={[Function]}
    onClick={[Function]}
    onDragLeave={[Function]}
    onFocus={[Function]}
    onKeyDown={[Function]}
    onKeyUp={[Function]}
    onMouseDown={[Function]}
    onMouseLeave={[Function]}
    onMouseUp={[Function]}
    onTouchEnd={[Function]}
    onTouchMove={[Function]}
    onTouchStart={[Function]}
    tabIndex={null}
  >
    <span
      className="MuiIconButton-label"
    >
      <input
        checked={false}
        className="PrivateSwitchBase-input-4 MuiSwitch-input"
        onChange={[Function]}
        type="checkbox"
      />
      <span
        className="MuiSwitch-thumb"
      />
    </span>
  </span>
  <span
    className="MuiSwitch-track"
  />
</span>
`;
