// Jest Snapshot v1, https://goo.gl/fbAQLP

exports[`ThemeProvider snapshot 1`] = `
<h1>
  ThemeProvider
</h1>
`;
