// Jest Snapshot v1, https://goo.gl/fbAQLP

exports[`Button snapshot 1`] = `
<button
  disabled={false}
  onClick={[Function]}
>
  Button
</button>
`;
