// Jest Snapshot v1, https://goo.gl/fbAQLP

exports[`Footer snapshot 1`] = `
<footer
  className="w3-padding-32 w3-center"
>
  Â© 
  2020
   by Gregor Anders
</footer>
`;
