// Jest Snapshot v1, https://goo.gl/fbAQLP

exports[`UsersModelView snapshot 1`] = `
Array [
  <button
    disabled={false}
    onClick={[Function]}
  >
    Generate Users
  </button>,
  <table>
    <tbody>
      <tr>
        <td />
      </tr>
    </tbody>
  </table>,
]
`;
