// Jest Snapshot v1, https://goo.gl/fbAQLP

exports[`AboutPage snapshot 1`] = `
<h2>
  AboutPage
</h2>
`;
