// Jest Snapshot v1, https://goo.gl/fbAQLP

exports[`IndexPage snapshot 1`] = `
<h2>
  IndexPage
</h2>
`;
