// Jest Snapshot v1, https://goo.gl/fbAQLP

exports[`UsersView snapshot 1`] = `
<dl>
  <dt>
    First Name
  </dt>
  <dd>
    
  </dd>
  <dt>
    Last Name
  </dt>
  <dd>
    
  </dd>
  <dt>
    eMail
  </dt>
  <dd>
    
  </dd>
</dl>
`;
